// Jest Snapshot v1, https://goo.gl/fbAQLP

exports[`Result rtl render component should be rendered correctly in RTL direction 1`] = `
<div
  class="m-design-result m-design-result-info m-design-result-rtl"
>
  <div
    class="m-design-result-icon"
  >
    <span
      class="anticon result-info-icon"
      role="img"
    >
      <svg
        fill="currentColor"
        height="1em"
        viewBox="0 0 40 40"
        width="1em"
      >
        <g
          fill="none"
          fill-rule="evenodd"
          id="V1.1"
          stroke="none"
          stroke-width="1"
        >
          <g
            transform="translate(1111.500000, 454.500000) scale(1, -1) translate(-1111.500000, -454.500000) translate(-498.000000, -587.000000)"
          >
            <g
              transform="translate(518.000000, 1476.000000) scale(1, -1) translate(-518.000000, -1476.000000) translate(498.000000, 1456.000000)"
            >
              <path
                d="M20,40 C31.0457778,40 40,31.0457778 40,20 C40,8.95431111 31.0457778,0 20,0 C8.95431111,0 0,8.95431111 0,20 C0,31.0457778 8.95431111,40 20,40 Z"
                fill="currentColor"
                fill-rule="nonzero"
              />
              <path
                d="M21.1304348,25 C21.6106783,25 22,25.3893217 22,25.8695652 L22,28.1304348 C22,28.6106783 21.6106783,29 21.1304348,29 L18.8695652,29 C18.3893183,29 18,28.6106783 18,28.1304348 L18,25.8695652 C18,25.3893217 18.3893183,25 18.8695652,25 L21.1304348,25 Z M21.1304348,11 C21.6106783,11 22,11.4291077 22,11.9584374 L22,22.0415626 C22,22.5708884 21.6106783,23 21.1304348,23 L18.8695652,23 C18.3893183,23 18,22.5708884 18,22.0415626 L18,11.9584374 C18,11.4291077 18.3893183,11 18.8695652,11 L21.1304348,11 Z"
                fill="#FFFFFF"
                transform="translate(20.000000, 20.000000) scale(1, -1) translate(-20.000000, -20.000000) "
              />
            </g>
          </g>
        </g>
      </svg>
    </span>
  </div>
  <div
    class="m-design-result-title"
  />
</div>
`;
