// Jest Snapshot v1, https://goo.gl/fbAQLP

exports[`Spin if indicator set null should not be render default indicator 1`] = `
<div
  class="m-design-spin m-design-spin-spinning"
/>
`;

exports[`Spin rtl render component should be rendered correctly in RTL direction 1`] = `
<div
  class="m-design-spin m-design-spin-spinning m-design-spin-rtl"
>
  <span
    class="anticon m-design-spin-dot m-design-spin-dot-spin result-loading-icon"
    role="img"
  >
    <img
      alt="loading"
      class=""
      src="data:image/png;base64,iVBORw0KGgoAAAANSUhEUgAAAFAAAABQCAYAAACOEfKtAAAAAXNSR0IArs4c6QAAGKxJREFUeF7dXWuQXVWVXmvvc+6zk86TJJCE250gEpUpzOCzBMoflFPM+BpjjegPYUbUIkl3J0g5v0J+TKkIdAcGEX9MOY6MU1JO6Vg6TuGIOFI6DogDkzBAku5AAoRHXv24fc/Ze6+ptfY+595+pW8nnddcCy597nl+51vf+tbaZx8RzuFn/RZaaHTarUBd4sitRtSXAKVLCVQZEaqAVAGnARDGgWAcAOoO6JhC9ZJCOkjgXnI0undoYPGxc3UZeDYPvGEHFcZPpFc6Um9XhFc6oEsBQAERAiICARJaxYuQ/wUOgQRABCDFXw5Ih5P22ykFQDAI4J7SiE9id/TE3q3YOFvXdcYBJCK8bGtyhVGFDwC49xCZDgEIGSD5KCCHoDQDgQRWTwcgkdMMK685AcAceFKMtAJmqvqFRvuzF/rjpxCRziSYZwzAjbdQfLQDrgHj/syBXQGoAYCQKACETph2SgDmjCU+fwGO0AMozJXfZfevKAcPlRbpH+/ZicmZAHLeAeQwHTthPkgObwAFi9A4zYHpAWSGZcDxBfMlg57IwAwIjt1mCE9lIE4IfZQbgkDE24XjISFZUqjwDYX4XdepfzC0E1lL5+0zrwCu35JcZbX+jHO0HJCDTYEA6ImGAggqJGLccq2bO4CeYaKZrI3CPGEgeAD5hoHXTiIPrGemexW0unOoP35svhCcFwDfeistHdfpZwDoKlARaw5rmZIwsp6BfImeGfzN5Jmkdah9EmkFVhgYByBMpoG8og9RkYQsy3ggfUgThpzjAeSjB73gG4ngflXC6KvPDuArpwvkaQO4bmuy0QDchKgqcjICkGgTqzeCs1ougDhztITyvAAoDMvStAfOo8XpWoAjYahAG37nCOdIwFGFtGP/QPzz0wHxlAG8bgdFQ8ftJgL4oJwgn3AIUQkt+R8CMYDMDQZQQi/yWkjGZ1sMWsbEkOU5M70GOi17Yu0MWThjYGBsHqIish5AEgCF7yHEc7sk2d6hB1ZU5nvlhc/dtWfn208pyZwSgFfeRtUTqdlMgOtE6xgIAVBu9URbwkCxg7Og/Bps48gnE0LmqxLA5wVAZqCXvAnMbM3amYSIVPC9EYb+AXD01lMx5HMG8B1fpsXDY8lWQL1Ksl7QLJDs2hIqGdOmaKH44Dwbi1OWkAoaiDMwEIMP5DvQNNC8nyyEffbNAHSsvS3ax0mHGe1tJAJ5AL1mivLsp1j/1dDX8dW5hPScAOzqoRVEpgeAFme+zt9tPhPTUkHwGXmmTdVCjsRmNsZgnIGzggADivfHsSsXmoXwyQDk9VkKJHSZ02xnMmD5BvF+fXLzN5rl0N9wyG2P4hR2OAZ78wsD5f3tgtg2gGu/fGwx1qvbAHAJM4bV2vu32MsLpBOMcR6afOcnaKEKIe6Z4DVPCpMQyp5CQBRN0MDJAGY2Bj1QcgNOpn15xdJiazLNzHwjOM7qrwGmnzwwUG0rQ7cFIGvecJL0OsSVQKLlgNkdDBVGk4n+DguD/J33JVquhYGBqhVAxRI4AmRfIsSXlVKvgTPjCFQHiHg3FQdQVWhWOdJrgaAbAJYIcBh8ny+VZ9a+UJr4WptXZODFFVD4DjfaKFRqL5D+1NAAztqkmBVAybbDsJlM2h0K92wbYZKXGfZrkSdlYKKv8n2oCoCK/ZgCDL6QJQABnyV0/6Ux3b3vnspL7YYNr1frpZoiu5HAXUcAG0FcO+MSbJNUONkNbGZdLw3C2OBLOQCEef7Gkwm+UT1VXhTdOFsJOCuA3dvp486aazyLOBZN6IAEJoqmsDjHcidzeyJCE+p7CXUlvlA7a0jBT4vlwqP/+xV8cy6gzbSuaDPajwDAjUSuI6CT1cTeuDezrgc2GHHRapEYBo4BDNoooea+s39XecfJzvGkAHb1NK4kwJvyWpV13lo1PRNDdhNGthhYspHfvmBR0WMYn/jR/q8tOT4fwE3ex9v6aEndJrcQqo8Tsjjzjc2S0qRKRaSnlXlcOeVdM28oyKHW8Rf29ePPZjrfGQF8W9/xJWOusp2AQoXhDzgzE4ORVjH5kqzhjTKBVgBPEMQ/GNyFh88EcJP32b11bC3p4mYiuN4nqczOhErFa98MzMsMvyYvUTgcq+hDz/fjoenOfUYAa33mJiLaAC6UQplBZtEV/+ltPIXfs7YUit/yPg9RGQ300L6B+PGzAdzkY9R6zUcRzB1EGItGMnBsZ6ilrSa1crA1cua+7eYbFaydkr4fGdpVuLltANdvpw2pbdzkbZOIhRitsAM2WWxffNPANrQ/t0wTPRMR9bCO1Tf3fh33nQvwsmOu35ZcZS3cS4DLQpfGM4+ThY8Qb6uEFHxdoSLk5cITlgFhz82Du+JHJl/LFAZufJDiN/fANoJkqTec3q77KBDj1izVJjCR7QF/GE17qEONf3N3f+eRcwleduwrekdX1bF8PxBtyGvtnHmZ9AQ7I8DxZWftNisAIuChlerwtb/pX1NvvaYpAHb1pR8gBzfkvo78DsSOiCJ7IKVmyJnokGwqTESilyMq3LP3vrM3LtHOTdp4B1XePE7/SGTe5mv33AeG7kze8QpJMC9NPUa+LXbH0K7CgzMCyJ7vwLHkdnJuoS99OGkwcFz3m7zOlB2E5oE0MqWhUCRUMNpRgLuf+SoebeeizvY6l28evTjR8Q8JYJnUxPlYDDc3sk44EyYMNXgqhgiUHtlr2sXvaiXHBAbWepJ3AyH7qRCyDIwHMm/FY2Akd5dC80i+lXIFre5/7i4cPNvAzOV467YnG52h7xHo2GsfX0dT63y4MXCcvaWzHSqVABXSl4cGCt/OjpkDyKNntd7GNkC92DPWU9jvXXycL8b5v4WR4rHCKqx89P3B/sLv5nIx52rdrh6ziRDuDkCFGt5fFwQNFE/ouzsewNCYBYAXBweiq7PRvhzAS2+rd0ECfym1awt1OY9PZCQDyYz0WYzHNhSopwd3Fb5zrgA5lePWeswDgHhD3pXxYyYhfH0rNnwy6mXaiBHCRzNr1gRwa+NjAOqqfLQ2Ay5LGqHf12RkKbSHDBWi6O7n78Y3TuVCztU2l99W70qM+iU5VfAEmZ5xMizhQy9Et5jrhwYHClv9cgDgMdwjRfclUq5Ivm4FqXmF0mEcO7cxGSNDg1JFvxnqxx+dKyBO57i1nvpXgKLPhsGujHBNv5tpo4wSMCsD1IjDK0Ff8Zt+rMuirp7xywnxU34PHMJNAAVQgTp8B0BljEJBUuks3LVnJ46czoWcq23XbxlebqLqb4Go6huwol3B93kDneWUPBuHBVrhjfsGon8VcGpb0w85gHezorE7UeK+MxvDjOSkYkITIegEKq4mHz3dUa1zBV523FqvvR0AtxO3+KWZ4JnWzMaBd1LeSRdHSkFAfGBoV/zXAuC6nuTzjvAiD5QLgz/8C4Plk4ZPGC2hzVCXonv2fw3PSGflbAH7lj66JCXzB8qyL7fsciZmKheAkwH78CF6dmhX/F5kh/7GEbM9X55Fer4guwOemQ4iEoYSDQ3dF+V+6Gxd8Jk4Tldf+kNycE0mgoFhnmnZ5U/GBRBLFd2Fl/VSd+KM6J+EcDaykWXhDHD+RVwLV9bSLPjpheL7ZgO9q8d8jgjv9AUq932zbkyzB8A+uXU/nJUV2Y9gd09ytSW6Pv8xe+gsBzAsaNbAsqNCJXpg71fw9dlO7kL4vba98Vaw0W995OZABSUM9cO0ANJt2NVH15OFdwIE25IBmId6XnF4hhK3Imls/65C/4UATrvnWOtJBglgeVY1eFPdjOCW/WTGmn9+EGt95i/AUg2QG40O+aGmCZ/MxshCNusJj6cdGNxV/m67J3chrFfrSX9CANc2a9vM9U0M3RY7w729R7F7S3KzA1ru6WsRkFvy3rr4zyRKSnXsnhraFf/bhQBMu+fYtTXhpuvnspzR3G6C9E1m127s3pp8wQEuzH/JtG8ybq0iqe1jQ/cUvGb8P/l09aTbiehv5gIgIhzAS3uSzUBYahsHecKPHhkaKPyh7W0ugBVrveYWALhvyqlOSh6Tfj+Cl25Nt00Tp9Ncsg0RrYG0++mLdxf3XAC4tH2K3T3mRgKYq69NsbYl6SV+MGfSB7lkmeFDaH52YKD4bNtndwGs2N1rPm0BWlpysz/cjwAp1nqTLwLB1BCWZ0am/yCpXwzuwqcvAFzaPsXuPvsFB3B/c4O2ADyC3VvoZgeumUQghGrroRlMSn0hzTWwto/v768+0fbZXQAr1nrpdgD62txOFYewa7P5DAEubW44DYD8Y85ICxrxmX33xo/O7WDn99q1bfQNIPriXM4SEZ/B2nb6qLNuDRe5E0jXApgs578dpxsL6OjQ0EDxh3M52Pm+bq2P/h2A5Hnvdj+I+AjWetPrnFPvmBnA1O8vSyrO8QhS/cBA4e/aPdCFsF7XNjpMRBfN5VwR8W+Rn8ByhB/IN5zEPMz+dl7/Qs8Gqnrk++fLkwdzuejp1uVHWYyj3XPdDwJuwXXbaI0xjQ83AfRAIZd0HNbyMJEiMDKGGkAE0LF5fN9dxf+Z60HPx/W7+mgzAU010bOcLCq8Ht/bR+VXyH0WJjEs39alEr6WUu4BymOWEtGEhw7cV/rJ+QjIXM/pVPSPESgouMgPKm2jTWTc0laGNQH0yUWeDBTk/DfP4qua0j/t+caFOaCUXR+39BOg3QRQDJ2WyA/ChZkrM9wNBHx6sB//yI+JbEvfZxN7JQPoROfkISv5D35opBU4nvEsy1FRpNx/7x0o/H6ud/x8Wr/7NnODI/wEWOwmhIpCWA0ARUfQ2ZxfN80ZIw4M3YN9flSut14DF0tXOgcwZ1oGoPXaSEUnyUQpUlqnKxz8M4+Pnk+gtHsu6++lohtyt1rnlqCOLgOCDiDXDSDNlaVEwGyUaRjk5L/9dElxdfjhwbvwxwKgPIl/1H6aAOIsRPNv6xmJOnaSVPwTs2RpVDRRa/3shTo2UvsslVwZLqYYKs7ZKxTCAlT6MkCoaoS1/M4GB7iKS11Et4on+jkHBSUD67AyH1gXHexJr3GEb2kC6CQLo4vlGc6AIoHNNNGJsUatbKmg/+W5O3G43Tt/3qy3g9Tqg7AICUrUaS4jwo6C090EUKUIuhVCxVpaCyChfTERFRFVGQH+YbAfP+9TQvhc2ju6CiD+E5RszBrIzYQm44DGZVKKj1//OJsH1ZK29sX991Z+fd4A086J7CAFewDhdUAYBqz9KehRgKjzCKwghHISw3ok6EDragSuiipaDUBlAFgZKezZdzc+OQFAHrbr3p58gpyuiveT9r7OGSdTbzmI0ZHYQ843rIkc2jwtmtLfzWWOWTvXeMbW2cSTtMPn4RBdPN90B6n1R2ApWSilVVhLBqqabA0UVsjAGlBQVgri/XerW6Y83ibJhIf3ksJ7/DSPiYzL/Z/Skmcw4seILYAr8CAAOVt3pWL50fP9Ka0dO0g9dATiva8G4DYE27En/N3CyJH6G3FpZNkKAS62NXK6UkJ47oUBzLvxE0ZMNn2f9BO/tn9OAPzimwmMywHUfEDOxiVhHlCSh7YGaCxZrH/+5B04dsbYcxo7ZvD+/gAUogVAe58BhDIQvCt0UTIAH858HBJsIt118egyJFU0qrxGE+g/fj88/vAnMe+8TBlyWruFNgDajblhRrYvwUAz81TBCfP4H2aesjxSzGN/ookRqqNrOqNf/XInmtO41nnflCXqkp1QhpcBVBUoOgokQC4JzHslfB8NAG4Ifz8GijVy/ftAFZYATZ47NwVAtjSDR+yHSUFFtA5Tn0xULDPlwHE5x9roZ8g7YSRjyX7HAmKHjSI4ttzCf54v/pCZ983Rw2U3tgJj48+3kIATAIcBYQEQNAJwkwHcmWtk9lTWhFb1tIOe62+n1Wlqr5lO66ypS8hipIXGXNIJkqR5Sg6BYbCBUKt6BaIndvfjOZ0rwoQ4CFB58xVALAJp64HyQL4ChWRVAHIIYUGtCeTzAbjl4VtCe+pbkGYcNa71pdeSM5egClpngtZlpZ0KzKPE+0Xs4MeOhJlssDm9IBkXl4pP770TD857TLaxw9oOKrkGlNU4EE/8xTGgKPKalzFRHT0oBDhYXU3CRE4ui4FgCoBN3Ws99IwA8iTrkdR+yJGvTnLmYcEzL4Sur43ZcMvz7eSIHM8x4XkRAAZQF/mXV5cugufPVnIR1h2BysgIFHVl2OE4UbRgoVNFoGNjnlETmQhQWAUuWgq09/chpLMszWA+yBcy/Tu4TvbcAnAom4Z9v2hdS6h6AIPmQdln43RMJvI51BYM/27Y7hCyIfeTIyyCO1TtLOybbRJzG+SadhV2EU/9B1StgvJYA3iKIWk37EN22QLLTDzSAJyWiVUP7MGj4JnYzNIp7MTQYZl62JMCyKtf2pu8k0ity7swU5inhXnWGUKM8mwsGumADDWQ2YlKS1bWOkqKRXhpvAivztd7rJhxL45DNUmgA9MxUhHQWFIRACVkhyXzOgaQWTgdE9XwYQGw3L3CMhPN7wGXFsA++S0MYxrT39ZZAeQM9u3j5jqyuGR65iU8w5F8ZezndwrzCmK4BVhZzgzk5AKRM/6FTg40HHdm7PVlY5XjT35rbt5R3kU4DmU3LJ612OBplRpI0Zicx7irOAZQOeCJDPINJwCi1R7II4ePIRaIomixSFIGYLxshWxfMuBeuBeS2V6fNyuAvDM+2fqIudZZXNDUvEnMy5jJwBgDGMsoHlnXIGRN5NBmKTEZgMZZZqyKBFhnIEUFY7oIo86NJgVXNcUY7PHjx6GilHIlwIbVcaoqkU6hwI8CYCrThwS48bTutS0B3i3pACCHsiznUGYmriSnxolUsXMGJgLpMtChB6E+G3iBMO0pzsZbXq68UVlyLUKx6DVvEvMYQGsAdOTQcdvfj6c48YfMQG2NAooTmYHCkyV8MmIALfDsXQFcYWoBUlCqIsCm9VGe1ibrM1ApFRwaIMUudZwlwS8fH+c/iBhA3m+kypYZODrqy85MC1WVAhMXChOPHgWYbG8+twrGd55E99rKwtPBevnttKDRgPcB2ZJFI8yCLEQp8kDpELrQYC4G5uVTt7kRwRMKKOYtpZkj/QkyhQxABmBmABk8tERpqWj5EFox4zyAEsKq5EOSxhxrIQYtrHMIjwDoCggTdfW4U0UiOLYIOMSPsTaWgW4tw2i74M2JgRmgPAj1GsF7U7RVWcYAStYN2qeKknU5dDPmSehC5Bi4yBqyuc1JAW0cADQELgrMnAVATZSqAKAwcRwaDKyW14Y41OVcC1tD2Wdlr9Waxeg4gCSVMaATi8DNFbxTAjDTxJHj5mogXOz9XpN5QA15U6zLKpWsf5glj8RIuGbbKYx8ti7wBFBenrrpGViQUPUMBErjhmMGqnJRGCjLNVCj7s9HuboDGINILZVQHklfR4wrpBwFJpIwMV6ywFY6wWwCGJsL8zJCtZVEpgtnzs7fPZpsMKDXSqiGpIEhpG1eI8vkJ0IXifbFxvjQFeBTUFgOAKbE3e+TAQiQgGIN1ECJGSY0BVKLi6KFeTIZBmJAPYCcPLhvOQZjUVlsDTZGCOMq+eUAK5cvqD+xo72EMR0OpwxgtrPal2glJo138AiTz7rWm+dWW8MhnAEIIfsKM1NAKovdMYW6gKwwFg1EiKW2zpMI70+xTfEApvx3AwAXNhyHsNadLcmkRIo8gIpfYdmihWONEZGWSHfYsoKR0301wWkDyCfDuvg6pVcYwuVZy98D2KJ9xoDBTOOCX2RmWk5EnJZSx1p6UgDlTaw+lBMOWf5HAORsXAwAMu0Y6CaAnoneF46OjkKlI21cfWjR8MMPT1/ftudL/FrzAmB2wHW3DV+UJqW3yChWHsKRL/WM4fdgNLOv8tk2A9AUTGBgWA6VqQzkEMYOAaqRDAOHMHZ4JmrltTDLxpxMvBbyjRwDXSq7uFwxpjA0PLSza97e5DuvAPIJS1f7sfHVWIrWWII4D11nqKl98rI6fhUUARdKwkA24PIqiBDC0wHYZGAjaYAwsAVAfgd3lo0hrRNGJalAWO+q0ejw7vuX81js7I+ezoGC8w5gdmxOMt87UV+VmGiNASzGDGBuX8TcOgYw5UdvOAlVwTKYKiQXzBmYEOgCKUqyJyWEmYkt+BDuCNm4QM5n45JkY65MolLZLBiBE7vvh3kH7rSzcLs3iVvpXX3QqVTjImv0MuKA5tCNYieGOCQYLPgKYk4AsoYWAoALKWhhycYAo0kHjAzeAY35Ztzk6z5jDJwO4E2bSO9ZDZ0jerxTpaUFPHhlmHbMwAjcBAZSxWdblRC/MURBCwM5ifD/3YAlUjG42FISl0qjJTxc/1h1Rf1U/Fy7hDinAE4+uLxvfzFU3PBoGVEXIcKSdahjTBS5Dnk3JQOoVMFG1DDsHZ2ilJRtGGOTJXph4/J3wXjrKNmpAnGq2/0fRQXBSYd0RnsAAAAASUVORK5CYII="
      style="width: 1em; height: 1em; display: block;"
    />
  </span>
</div>
`;

exports[`Spin should render custom indicator when it's set 1`] = `
<div
  class="m-design-spin m-design-spin-spinning"
>
  <div
    class="custom-indicator m-design-spin-dot"
  />
</div>
`;

exports[`Spin should support static method Spin.setDefaultIndicator 1`] = `
<div
  class="m-design-spin m-design-spin-spinning"
>
  <em
    class="custom-spinner m-design-spin-dot"
  />
</div>
`;
